// Vitest Snapshot v1, https://vitest.dev/guide/snapshot.html

exports[`ServerInfo > should render correctly 1`] = `
<div>
  <div
    class="w-full overflow-auto whitespace-nowrap"
  >
    <table
      aria-label="Server Info"
      class="w-full caption-bottom border-b border-gray-200 dark:border-gray-800"
      tremor-id="tremor-raw"
    >
      <thead
        class=""
      >
        <tr
          class="[&_td:last-child]:pr-4 [&_th:last-child]:pr-4 [&_td:first-child]:pl-4 [&_th:first-child]:pl-4"
        >
          <th
            class="border-b px-4 py-3.5 text-left text-sm font-semibold text-gray-900 dark:text-gray-50 border-gray-200 dark:border-gray-800"
          >
            Name
          </th>
          <th
            class="border-b px-4 py-3.5 text-left text-sm font-semibold text-gray-900 dark:text-gray-50 border-gray-200 dark:border-gray-800"
          >
            Value
          </th>
        </tr>
      </thead>
      <tbody
        class="divide-y divide-gray-200 dark:divide-gray-800"
      >
        <tr
          class="[&_td:last-child]:pr-4 [&_th:last-child]:pr-4 [&_td:first-child]:pl-4 [&_th:first-child]:pl-4"
        >
          <td
            class="p-4 text-sm text-gray-600 dark:text-gray-400"
          >
            Hostname
          </td>
          <td
            class="p-4 text-sm text-gray-600 dark:text-gray-400"
          >
            localhost
          </td>
        </tr>
        <tr
          class="[&_td:last-child]:pr-4 [&_th:last-child]:pr-4 [&_td:first-child]:pl-4 [&_th:first-child]:pl-4"
        >
          <td
            class="p-4 text-sm text-gray-600 dark:text-gray-400"
          >
            Uptime
          </td>
          <td
            class="p-4 text-sm text-gray-600 dark:text-gray-400"
          >
            3600
          </td>
        </tr>
        <tr
          class="[&_td:last-child]:pr-4 [&_th:last-child]:pr-4 [&_td:first-child]:pl-4 [&_th:first-child]:pl-4"
        >
          <td
            class="p-4 text-sm text-gray-600 dark:text-gray-400"
          >
            Server ID
          </td>
          <td
            class="p-4 text-sm text-gray-600 dark:text-gray-400"
          >
            srv-456
          </td>
        </tr>
        <tr
          class="[&_td:last-child]:pr-4 [&_th:last-child]:pr-4 [&_td:first-child]:pl-4 [&_th:first-child]:pl-4"
        >
          <td
            class="p-4 text-sm text-gray-600 dark:text-gray-400"
          >
            Deployment ID
          </td>
          <td
            class="p-4 text-sm text-gray-600 dark:text-gray-400"
          >
            dep-123
          </td>
        </tr>
        <tr
          class="[&_td:last-child]:pr-4 [&_th:last-child]:pr-4 [&_td:first-child]:pl-4 [&_th:first-child]:pl-4"
        >
          <td
            class="p-4 text-sm text-gray-600 dark:text-gray-400"
          >
            Node Versions
          </td>
          <td
            class="p-4 text-sm text-gray-600 dark:text-gray-400"
          >
            v18.0.0
          </td>
        </tr>
        <tr
          class="[&_td:last-child]:pr-4 [&_th:last-child]:pr-4 [&_td:first-child]:pl-4 [&_th:first-child]:pl-4"
        >
          <td
            class="p-4 text-sm text-gray-600 dark:text-gray-400"
          >
            Extension Sync | Total Sync All Count
          </td>
          <td
            class="p-4 text-sm text-gray-600 dark:text-gray-400"
          >
            5
          </td>
        </tr>
      </tbody>
    </table>
  </div>
</div>
`;
